[2026-08-21 12:31:29] ℹ️ التحقق من متطلبات النظام...
[2026-08-21 12:31:29] ✅ PHP موجود: 8.4.24
[2026-08-21 12:31:29] ✅ Composer موجود
[2026-08-21 12:31:29] ✅ MySQL موجود
[2026-08-21 12:31:29] ℹ️ إعداد مجلدات النظام...
[2026-08-21 12:31:29] ✅ تم إعداد المجلدات
[2026-08-21 12:31:29] ℹ️ تنظيف المنفذ 8080...
[2026-08-21 12:31:29] ✅ قتل العملية PID: 15935
[2026-08-21 12:31:30] ✅ المنفذ 8080 جاهز!
[2026-08-21 12:31:30] ℹ️ التحقق من قاعدة البيانات...
[2026-08-21 12:31:30] ✅ الاتصال بقاعدة البيانات ناجح!
[2026-08-21 12:31:30] ℹ️ تشغيل الخادم على المنفذ 8080...
[2026-08-21 12:31:32] ✅ الخادم يعمل (PID: 16110)
[2026-08-21 13:57:41] ℹ️ التحقق من متطلبات النظام...
[2026-08-21 13:57:41] ✅ PHP موجود: 8.4.24
[2026-08-21 13:57:41] ✅ Composer موجود
[2026-08-21 13:57:41] ✅ MySQL موجود
[2026-08-21 13:57:42] ℹ️ إعداد مجلدات النظام...
[2026-08-21 13:57:42] ✅ تم إعداد المجلدات
[2026-08-21 13:57:42] ℹ️ تنظيف المنفذ 8080...
[2026-08-21 13:57:47] ✅ المنفذ 8080 جاهز!
[2026-08-21 13:57:47] ℹ️ التحقق من قاعدة البيانات...
[2026-08-21 13:57:47] ✅ الاتصال بقاعدة البيانات ناجح!
[2026-08-21 13:57:47] ℹ️ تشغيل الخادم على المنفذ 8080...
[2026-08-21 13:57:49] ✅ الخادم يعمل (PID: 3523)
